../Core/Src/main.c:80:1:__io_putchar	16	static
../Core/Src/main.c:87:1:__io_getchar	16	static
../Core/Src/main.c:106:5:main	80	static
../Core/Src/main.c:196:6:SystemClock_Config	96	static
../Core/Src/main.c:241:13:MX_I2C3_Init	8	static
../Core/Src/main.c:289:13:MX_TIM1_Init	112	static
../Core/Src/main.c:381:13:MX_TIM2_Init	64	static
../Core/Src/main.c:444:13:MX_USART1_UART_Init	8	static
../Core/Src/main.c:479:13:MX_USART2_UART_Init	8	static
../Core/Src/main.c:514:13:MX_GPIO_Init	40	static
../Core/Src/main.c:570:6:Error_Handler	4	static,ignoring_inline_asm
